[ 33%] Built target control_core
[ 66%] Built target control_core_test
[100%] Built target mpc_control_node
-- Install configuration: "Release"
-- Installing: /home/stier/HL-FMA2026-sim-stier/install/control/lib/libcontrol_core.a
-- Installing: /home/stier/HL-FMA2026-sim-stier/install/control/lib/control/mpc_control_node
-- Set non-toolchain portion of runtime path of "/home/stier/HL-FMA2026-sim-stier/install/control/lib/control/mpc_control_node" to ""
-- Up-to-date: /home/stier/HL-FMA2026-sim-stier/install/control/include
-- Up-to-date: /home/stier/HL-FMA2026-sim-stier/install/control/include/control
-- Installing: /home/stier/HL-FMA2026-sim-stier/install/control/include/control/controller_core.hpp
-- Up-to-date: /home/stier/HL-FMA2026-sim-stier/install/control/share/control/config
-- Installing: /home/stier/HL-FMA2026-sim-stier/install/control/share/control/config/control.yaml
-- Up-to-date: /home/stier/HL-FMA2026-sim-stier/install/control/share/control/launch
-- Up-to-date: /home/stier/HL-FMA2026-sim-stier/install/control/share/control/launch/control.launch.py
-- Up-to-date: /home/stier/HL-FMA2026-sim-stier/install/control/share/control/environment/library_path.sh
-- Up-to-date: /home/stier/HL-FMA2026-sim-stier/install/control/share/control/environment/library_path.dsv
-- Installing: /home/stier/HL-FMA2026-sim-stier/install/control/share/ament_index/resource_index/package_run_dependencies/control
-- Installing: /home/stier/HL-FMA2026-sim-stier/install/control/share/ament_index/resource_index/parent_prefix_path/control
-- Up-to-date: /home/stier/HL-FMA2026-sim-stier/install/control/share/control/environment/ament_prefix_path.sh
-- Up-to-date: /home/stier/HL-FMA2026-sim-stier/install/control/share/control/environment/ament_prefix_path.dsv
-- Up-to-date: /home/stier/HL-FMA2026-sim-stier/install/control/share/control/environment/path.sh
-- Up-to-date: /home/stier/HL-FMA2026-sim-stier/install/control/share/control/environment/path.dsv
-- Up-to-date: /home/stier/HL-FMA2026-sim-stier/install/control/share/control/local_setup.bash
-- Up-to-date: /home/stier/HL-FMA2026-sim-stier/install/control/share/control/local_setup.sh
-- Up-to-date: /home/stier/HL-FMA2026-sim-stier/install/control/share/control/local_setup.zsh
-- Up-to-date: /home/stier/HL-FMA2026-sim-stier/install/control/share/control/local_setup.dsv
-- Installing: /home/stier/HL-FMA2026-sim-stier/install/control/share/control/package.dsv
-- Up-to-date: /home/stier/HL-FMA2026-sim-stier/install/control/share/ament_index/resource_index/packages/control
-- Up-to-date: /home/stier/HL-FMA2026-sim-stier/install/control/share/control/cmake/ament_cmake_export_include_directories-extras.cmake
-- Up-to-date: /home/stier/HL-FMA2026-sim-stier/install/control/share/control/cmake/ament_cmake_export_libraries-extras.cmake
-- Up-to-date: /home/stier/HL-FMA2026-sim-stier/install/control/share/control/cmake/controlConfig.cmake
-- Up-to-date: /home/stier/HL-FMA2026-sim-stier/install/control/share/control/cmake/controlConfig-version.cmake
-- Installing: /home/stier/HL-FMA2026-sim-stier/install/control/share/control/package.xml
[ 12%] Building CXX object CMakeFiles/tracker_core.dir/src/tracker_core.cpp.o
[ 25%] Building CXX object CMakeFiles/tracker_core.dir/src/signal_state_manager.cpp.o
[ 37%] Linking CXX static library libtracker_core.a
[ 50%] Built target tracker_core
[ 62%] Building CXX object CMakeFiles/tracker_core_test.dir/test/tracker_core_test.cpp.o
[ 75%] Building CXX object CMakeFiles/hdmap_dynamic_tracker_node.dir/src/hdmap_dynamic_tracker_node.cpp.o
[ 87%] Linking CXX executable tracker_core_test
[ 87%] Built target tracker_core_test
In file included from /opt/ros/jazzy/include/lanelet2_core/geometry/LineString.h:295,
                 from /opt/ros/jazzy/include/lanelet2_core/geometry/Polygon.h:4,
                 from /home/stier/HL-FMA2026-sim-stier/install/hdmap_core/include/hdmap/cell.hpp:5,
                 from /home/stier/HL-FMA2026-sim-stier/install/hdmap_core/include/hdmap/cell_tree.hpp:3,
                 from /home/stier/HL-FMA2026-sim-stier/install/hdmap_core/include/hdmap/hdmap.hpp:3,
                 from /home/stier/HL-FMA2026-sim-stier/src/hdmap_dynamic_tracker/src/hdmap_dynamic_tracker_node.cpp:5:
/opt/ros/jazzy/include/lanelet2_core/geometry/impl/LineString.h: In function ‘std::pair<double, lanelet::geometry::internal::ProjectedPointInfo<typename lanelet::traits::PointTraits<PointT>::BasicPoint> > lanelet::geometry::internal::signedDistanceImpl(LineStringT, const PointT&)’:
/opt/ros/jazzy/include/lanelet2_core/geometry/impl/LineString.h:130:9: warning: typedef ‘using BasicPoint = PointT’ locally defined but not used [-Wunused-local-typedefs]
  130 |   using BasicPoint = PointT;
      |         ^~~~~~~~~~
[100%] Linking CXX executable hdmap_dynamic_tracker_node
[100%] Built target hdmap_dynamic_tracker_node
-- Install configuration: "Release"
-- Installing: /home/stier/HL-FMA2026-sim-stier/install/hdmap_dynamic_tracker/lib/libtracker_core.a
-- Installing: /home/stier/HL-FMA2026-sim-stier/install/hdmap_dynamic_tracker/lib/hdmap_dynamic_tracker/hdmap_dynamic_tracker_node
-- Set non-toolchain portion of runtime path of "/home/stier/HL-FMA2026-sim-stier/install/hdmap_dynamic_tracker/lib/hdmap_dynamic_tracker/hdmap_dynamic_tracker_node" to ""
-- Up-to-date: /home/stier/HL-FMA2026-sim-stier/install/hdmap_dynamic_tracker/include
-- Up-to-date: /home/stier/HL-FMA2026-sim-stier/install/hdmap_dynamic_tracker/include/hdmap_dynamic_tracker
-- Up-to-date: /home/stier/HL-FMA2026-sim-stier/install/hdmap_dynamic_tracker/include/hdmap_dynamic_tracker/signal_state_manager.hpp
-- Up-to-date: /home/stier/HL-FMA2026-sim-stier/install/hdmap_dynamic_tracker/include/hdmap_dynamic_tracker/motion_predictor.hpp
-- Installing: /home/stier/HL-FMA2026-sim-stier/install/hdmap_dynamic_tracker/include/hdmap_dynamic_tracker/tracker_core.hpp
-- Up-to-date: /home/stier/HL-FMA2026-sim-stier/install/hdmap_dynamic_tracker/share/hdmap_dynamic_tracker/launch
-- Up-to-date: /home/stier/HL-FMA2026-sim-stier/install/hdmap_dynamic_tracker/share/hdmap_dynamic_tracker/launch/tracker.launch.py
-- Up-to-date: /home/stier/HL-FMA2026-sim-stier/install/hdmap_dynamic_tracker/share/hdmap_dynamic_tracker/config
-- Installing: /home/stier/HL-FMA2026-sim-stier/install/hdmap_dynamic_tracker/share/hdmap_dynamic_tracker/config/tracker.yaml
-- Up-to-date: /home/stier/HL-FMA2026-sim-stier/install/hdmap_dynamic_tracker/share/hdmap_dynamic_tracker/environment/library_path.sh
-- Up-to-date: /home/stier/HL-FMA2026-sim-stier/install/hdmap_dynamic_tracker/share/hdmap_dynamic_tracker/environment/library_path.dsv
-- Up-to-date: /home/stier/HL-FMA2026-sim-stier/install/hdmap_dynamic_tracker/share/ament_index/resource_index/package_run_dependencies/hdmap_dynamic_tracker
-- Up-to-date: /home/stier/HL-FMA2026-sim-stier/install/hdmap_dynamic_tracker/share/ament_index/resource_index/parent_prefix_path/hdmap_dynamic_tracker
-- Up-to-date: /home/stier/HL-FMA2026-sim-stier/install/hdmap_dynamic_tracker/share/hdmap_dynamic_tracker/environment/ament_prefix_path.sh
-- Up-to-date: /home/stier/HL-FMA2026-sim-stier/install/hdmap_dynamic_tracker/share/hdmap_dynamic_tracker/environment/ament_prefix_path.dsv
-- Up-to-date: /home/stier/HL-FMA2026-sim-stier/install/hdmap_dynamic_tracker/share/hdmap_dynamic_tracker/environment/path.sh
-- Up-to-date: /home/stier/HL-FMA2026-sim-stier/install/hdmap_dynamic_tracker/share/hdmap_dynamic_tracker/environment/path.dsv
-- Up-to-date: /home/stier/HL-FMA2026-sim-stier/install/hdmap_dynamic_tracker/share/hdmap_dynamic_tracker/local_setup.bash
-- Up-to-date: /home/stier/HL-FMA2026-sim-stier/install/hdmap_dynamic_tracker/share/hdmap_dynamic_tracker/local_setup.sh
-- Up-to-date: /home/stier/HL-FMA2026-sim-stier/install/hdmap_dynamic_tracker/share/hdmap_dynamic_tracker/local_setup.zsh
-- Up-to-date: /home/stier/HL-FMA2026-sim-stier/install/hdmap_dynamic_tracker/share/hdmap_dynamic_tracker/local_setup.dsv
-- Installing: /home/stier/HL-FMA2026-sim-stier/install/hdmap_dynamic_tracker/share/hdmap_dynamic_tracker/package.dsv
-- Up-to-date: /home/stier/HL-FMA2026-sim-stier/install/hdmap_dynamic_tracker/share/ament_index/resource_index/packages/hdmap_dynamic_tracker
-- Up-to-date: /home/stier/HL-FMA2026-sim-stier/install/hdmap_dynamic_tracker/share/hdmap_dynamic_tracker/cmake/ament_cmake_export_include_directories-extras.cmake
-- Up-to-date: /home/stier/HL-FMA2026-sim-stier/install/hdmap_dynamic_tracker/share/hdmap_dynamic_tracker/cmake/ament_cmake_export_libraries-extras.cmake
-- Up-to-date: /home/stier/HL-FMA2026-sim-stier/install/hdmap_dynamic_tracker/share/hdmap_dynamic_tracker/cmake/hdmap_dynamic_trackerConfig.cmake
-- Up-to-date: /home/stier/HL-FMA2026-sim-stier/install/hdmap_dynamic_tracker/share/hdmap_dynamic_tracker/cmake/hdmap_dynamic_trackerConfig-version.cmake
-- Up-to-date: /home/stier/HL-FMA2026-sim-stier/install/hdmap_dynamic_tracker/share/hdmap_dynamic_tracker/package.xml
[100%] Built target speed_annotator_node
-- Install configuration: "Release"
-- Installing: /home/stier/HL-FMA2026-sim-stier/install/speed_annotator/lib/speed_annotator/speed_annotator_node
-- Set non-toolchain portion of runtime path of "/home/stier/HL-FMA2026-sim-stier/install/speed_annotator/lib/speed_annotator/speed_annotator_node" to ""
-- Installing: /home/stier/HL-FMA2026-sim-stier/install/speed_annotator/share/ament_index/resource_index/package_run_dependencies/speed_annotator
-- Installing: /home/stier/HL-FMA2026-sim-stier/install/speed_annotator/share/ament_index/resource_index/parent_prefix_path/speed_annotator
-- Up-to-date: /home/stier/HL-FMA2026-sim-stier/install/speed_annotator/share/speed_annotator/environment/ament_prefix_path.sh
-- Up-to-date: /home/stier/HL-FMA2026-sim-stier/install/speed_annotator/share/speed_annotator/environment/ament_prefix_path.dsv
-- Up-to-date: /home/stier/HL-FMA2026-sim-stier/install/speed_annotator/share/speed_annotator/environment/path.sh
-- Up-to-date: /home/stier/HL-FMA2026-sim-stier/install/speed_annotator/share/speed_annotator/environment/path.dsv
-- Up-to-date: /home/stier/HL-FMA2026-sim-stier/install/speed_annotator/share/speed_annotator/local_setup.bash
-- Up-to-date: /home/stier/HL-FMA2026-sim-stier/install/speed_annotator/share/speed_annotator/local_setup.sh
-- Up-to-date: /home/stier/HL-FMA2026-sim-stier/install/speed_annotator/share/speed_annotator/local_setup.zsh
-- Up-to-date: /home/stier/HL-FMA2026-sim-stier/install/speed_annotator/share/speed_annotator/local_setup.dsv
-- Installing: /home/stier/HL-FMA2026-sim-stier/install/speed_annotator/share/speed_annotator/package.dsv
-- Up-to-date: /home/stier/HL-FMA2026-sim-stier/install/speed_annotator/share/ament_index/resource_index/packages/speed_annotator
-- Up-to-date: /home/stier/HL-FMA2026-sim-stier/install/speed_annotator/share/speed_annotator/cmake/speed_annotatorConfig.cmake
-- Up-to-date: /home/stier/HL-FMA2026-sim-stier/install/speed_annotator/share/speed_annotator/cmake/speed_annotatorConfig-version.cmake
-- Installing: /home/stier/HL-FMA2026-sim-stier/install/speed_annotator/share/speed_annotator/package.xml
-- Install configuration: "Release"
-- Up-to-date: /home/stier/HL-FMA2026-sim-stier/install/path_planner/lib/path_planner/path_planner_node
-- Up-to-date: /home/stier/HL-FMA2026-sim-stier/install/path_planner/share/path_planner/config
-- Up-to-date: /home/stier/HL-FMA2026-sim-stier/install/path_planner/share/path_planner/config/planner.yaml
-- Up-to-date: /home/stier/HL-FMA2026-sim-stier/install/path_planner/share/path_planner/launch
-- Up-to-date: /home/stier/HL-FMA2026-sim-stier/install/path_planner/share/path_planner/launch/path_planner.launch.py
-- Up-to-date: /home/stier/HL-FMA2026-sim-stier/install/path_planner/share/path_planner/checkpoint
-- Up-to-date: /home/stier/HL-FMA2026-sim-stier/install/path_planner/share/path_planner/checkpoint/checkpoints.csv
-- Up-to-date: /home/stier/HL-FMA2026-sim-stier/install/path_planner/share/ament_index/resource_index/package_run_dependencies/path_planner
-- Up-to-date: /home/stier/HL-FMA2026-sim-stier/install/path_planner/share/ament_index/resource_index/parent_prefix_path/path_planner
-- Up-to-date: /home/stier/HL-FMA2026-sim-stier/install/path_planner/share/path_planner/environment/ament_prefix_path.sh
-- Up-to-date: /home/stier/HL-FMA2026-sim-stier/install/path_planner/share/path_planner/environment/ament_prefix_path.dsv
-- Up-to-date: /home/stier/HL-FMA2026-sim-stier/install/path_planner/share/path_planner/environment/path.sh
-- Up-to-date: /home/stier/HL-FMA2026-sim-stier/install/path_planner/share/path_planner/environment/path.dsv
-- Up-to-date: /home/stier/HL-FMA2026-sim-stier/install/path_planner/share/path_planner/local_setup.bash
-- Up-to-date: /home/stier/HL-FMA2026-sim-stier/install/path_planner/share/path_planner/local_setup.sh
-- Up-to-date: /home/stier/HL-FMA2026-sim-stier/install/path_planner/share/path_planner/local_setup.zsh
-- Up-to-date: /home/stier/HL-FMA2026-sim-stier/install/path_planner/share/path_planner/local_setup.dsv
-- Installing: /home/stier/HL-FMA2026-sim-stier/install/path_planner/share/path_planner/package.dsv
-- Up-to-date: /home/stier/HL-FMA2026-sim-stier/install/path_planner/share/ament_index/resource_index/packages/path_planner
-- Up-to-date: /home/stier/HL-FMA2026-sim-stier/install/path_planner/share/path_planner/cmake/path_plannerConfig.cmake
-- Up-to-date: /home/stier/HL-FMA2026-sim-stier/install/path_planner/share/path_planner/cmake/path_plannerConfig-version.cmake
-- Up-to-date: /home/stier/HL-FMA2026-sim-stier/install/path_planner/share/path_planner/package.xml
